[doc_kind] file=ARK_INNOVATION_ETF_ARKK_HOLDINGS.pdf kind=3
[doc_kind] file=06_아버지와_아들들.pdf kind=1
[doc_kind] file=ARK_INNOVATION_ETF_ARKK_HOLDINGS.pdf kind=3
[doc_kind] file=ARK_INNOVATION_ETF_ARKK_HOLDINGS.pdf kind=3
[doc_kind] file=ARK_INNOVATION_ETF_ARKK_HOLDINGS.pdf kind=3
[doc_kind] file=ARK_INNOVATION_ETF_ARKK_HOLDINGS.pdf kind=3
[doc_kind] file=ARK_INNOVATION_ETF_ARKK_HOLDINGS.pdf kind=3
[doc_kind] file=ARK_INNOVATION_ETF_ARKK_HOLDINGS.pdf kind=3
[doc_kind] file=ARK_INNOVATION_ETF_ARKK_HOLDINGS.pdf kind=3
[doc_kind] file=ARK_INNOVATION_ETF_ARKK_HOLDINGS.pdf kind=3
[doc_kind] file=ARK_INNOVATION_ETF_ARKK_HOLDINGS.pdf kind=3
[doc_kind] file=ARK_INNOVATION_ETF_ARKK_HOLDINGS.pdf kind=3
[doc_kind] file=ARK_INNOVATION_ETF_ARKK_HOLDINGS.pdf kind=3
[doc_kind] file=ARK_INNOVATION_ETF_ARKK_HOLDINGS.pdf kind=3
[doc_kind] file=ARK_INNOVATION_ETF_ARKK_HOLDINGS.pdf kind=3
[doc_kind] file=ARK_INNOVATION_ETF_ARKK_HOLDINGS.pdf kind=3
[doc_kind] file=ARK_INNOVATION_ETF_ARKK_HOLDINGS.pdf kind=3
[doc_kind] file=ARK_INNOVATION_ETF_ARKK_HOLDINGS.pdf kind=3
[doc_kind] file=ARK_INNOVATION_ETF_ARKK_HOLDINGS.pdf kind=3
[doc_kind] file=sample.pdf kind=1
[doc_kind] file=ARK_INNOVATION_ETF_ARKK_HOLDINGS.pdf kind=3
[doc_kind] file=ARK_INNOVATION_ETF_ARKK_HOLDINGS.pdf kind=3
[doc_kind] file=ARK_INNOVATION_ETF_ARKK_HOLDINGS.pdf kind=3
[doc_kind] file=ARK_INNOVATION_ETF_ARKK_HOLDINGS.pdf kind=3
[doc_kind] file=ARK_INNOVATION_ETF_ARKK_HOLDINGS.pdf kind=3
[doc_kind] file=ARK_INNOVATION_ETF_ARKK_HOLDINGS.pdf kind=3
[doc_kind] file=ARK_INNOVATION_ETF_ARKK_HOLDINGS.pdf kind=3
[doc_kind] file=ARK_INNOVATION_ETF_ARKK_HOLDINGS.pdf kind=3
[doc_kind] file=ARK_INNOVATION_ETF_ARKK_HOLDINGS.pdf kind=3
[doc_kind] file=ARK_INNOVATION_ETF_ARKK_HOLDINGS.pdf kind=3
[doc_kind] file=ARK_INNOVATION_ETF_ARKK_HOLDINGS.pdf kind=3
[doc_kind] file=ARK_INNOVATION_ETF_ARKK_HOLDINGS.pdf kind=3
[doc_kind] file=ARK_INNOVATION_ETF_ARKK_HOLDINGS.pdf kind=3
[doc_kind] file=ARK_INNOVATION_ETF_ARKK_HOLDINGS.pdf kind=3
[doc_kind] file=ARK_INNOVATION_ETF_ARKK_HOLDINGS.pdf kind=3
[doc_kind] file=ARK_INNOVATION_ETF_ARKK_HOLDINGS.pdf kind=3
[doc_kind] file=ARK_INNOVATION_ETF_ARKK_HOLDINGS.pdf kind=3
[doc_kind] file=ARK_INNOVATION_ETF_ARKK_HOLDINGS.pdf kind=3
[doc_kind] file=ARK_INNOVATION_ETF_ARKK_HOLDINGS.pdf kind=3
[doc_kind] file=ARK_INNOVATION_ETF_ARKK_HOLDINGS.pdf kind=3
[doc_kind] file=ARK_INNOVATION_ETF_ARKK_HOLDINGS.pdf kind=3
[doc_kind] file=ARK_INNOVATION_ETF_ARKK_HOLDINGS.pdf kind=3
[doc_kind] file=ARK_INNOVATION_ETF_ARKK_HOLDINGS.pdf kind=3
[doc_kind] file=ARK_INNOVATION_ETF_ARKK_HOLDINGS.pdf kind=3
[doc_kind] file=ARK_INNOVATION_ETF_ARKK_HOLDINGS.pdf kind=3
[doc_kind] file=ARK_INNOVATION_ETF_ARKK_HOLDINGS.pdf kind=3
[doc_kind] file=ARK_INNOVATION_ETF_ARKK_HOLDINGS.pdf kind=3
[doc_kind] file=ARK_INNOVATION_ETF_ARKK_HOLDINGS.pdf kind=3
[doc_kind] file=ARK_INNOVATION_ETF_ARKK_HOLDINGS.pdf kind=3
[doc_kind] file=ARK_INNOVATION_ETF_ARKK_HOLDINGS.pdf kind=3
[doc_kind] file=ARK_INNOVATION_ETF_ARKK_HOLDINGS.pdf kind=3
[doc_kind] file=ARK_INNOVATION_ETF_ARKK_HOLDINGS.pdf kind=3
[doc_kind] file=ARK_INNOVATION_ETF_ARKK_HOLDINGS.pdf kind=3
[doc_kind] file=ARK_INNOVATION_ETF_ARKK_HOLDINGS.pdf kind=3
[doc_kind] file=ARK_INNOVATION_ETF_ARKK_HOLDINGS.pdf kind=3
[doc_kind] file=ARK_INNOVATION_ETF_ARKK_HOLDINGS.pdf kind=3
[doc_kind] file=ARK_INNOVATION_ETF_ARKK_HOLDINGS.pdf kind=3
[doc_kind] file=ARK_INNOVATION_ETF_ARKK_HOLDINGS.pdf kind=3
[doc_kind] file=ARK_INNOVATION_ETF_ARKK_HOLDINGS.pdf kind=3
[doc_kind] file=ARK_INNOVATION_ETF_ARKK_HOLDINGS.pdf kind=3
[doc_kind] file=ARK_INNOVATION_ETF_ARKK_HOLDINGS.pdf kind=3
[doc_kind] file=ARK_INNOVATION_ETF_ARKK_HOLDINGS.pdf kind=3
[doc_kind] file=ARK_INNOVATION_ETF_ARKK_HOLDINGS.pdf kind=3
[doc_kind] file=ARK_INNOVATION_ETF_ARKK_HOLDINGS.pdf kind=3
[doc_kind] file=ARK_INNOVATION_ETF_ARKK_HOLDINGS.pdf kind=3
[doc_kind] file=ARK_INNOVATION_ETF_ARKK_HOLDINGS.pdf kind=3
[doc_kind] file=ARK_INNOVATION_ETF_ARKK_HOLDINGS.pdf kind=3
[doc_kind] file=ARK_INNOVATION_ETF_ARKK_HOLDINGS.pdf kind=3
[doc_kind] file=ARK_INNOVATION_ETF_ARKK_HOLDINGS.pdf kind=3
[doc_kind] file=ARK_INNOVATION_ETF_ARKK_HOLDINGS.pdf kind=3
[doc_kind] file=ARK_INNOVATION_ETF_ARKK_HOLDINGS.pdf kind=3
[doc_kind] file=ARK_INNOVATION_ETF_ARKK_HOLDINGS.pdf kind=3
[doc_kind] file=sample.pdf kind=2
[doc_kind] file=sample.pdf kind=1
[doc_kind] file=sample.pdf kind=1
[doc_kind] file=sample.pdf kind=1
[doc_kind] file=sample.pdf kind=1
[doc_kind] file=sample.pdf kind=1
[doc_kind] file=sample.pdf kind=1
[doc_kind] file=sample.pdf kind=1
[doc_kind] file=sample.pdf kind=1
[doc_kind] file=sample.pdf kind=1
[doc_kind] file=sample.pdf kind=1
[doc_kind] file=guide.pdf kind=1
[doc_kind] file=sample.pdf kind=1
[doc_kind] file=sample.pdf kind=1
[doc_kind] file=guide.pdf kind=1
[doc_kind] file=sample.pdf kind=1
[doc_kind] file=sample.pdf kind=1
[doc_kind] file=guide.pdf kind=1
[doc_kind] file=01_늑대와 어린양.pdf kind=1
[doc_kind] file=ARK_INNOVATION_ETF_ARKK_HOLDINGS.pdf kind=3
[doc_kind] file=01_늑대와 어린양.pdf kind=1
[doc_kind] file=01_늑대와 어린양.pdf kind=1
[doc_kind] file=01_늑대와 어린양.pdf kind=1
[doc_kind] file=01_늑대와 어린양.pdf kind=1
[doc_kind] file=ARK_INNOVATION_ETF_ARKK_HOLDINGS.pdf kind=3
[doc_kind] file=ARK_INNOVATION_ETF_ARKK_HOLDINGS.pdf kind=3
[doc_kind] file=01_늑대와 어린양.pdf kind=1
[doc_kind] file=ARK_INNOVATION_ETF_ARKK_HOLDINGS.pdf kind=3
[doc_kind] file=ARK_INNOVATION_ETF_ARKK_HOLDINGS.pdf kind=3
[doc_kind] file=ARK_INNOVATION_ETF_ARKK_HOLDINGS.pdf kind=3
[doc_kind] file=sample.pdf kind=1
[doc_kind] file=sample.pdf kind=1
[doc_kind] file=guide.pdf kind=1
[doc_kind] file=sample.pdf kind=1
[doc_kind] file=sample.pdf kind=1
[doc_kind] file=guide.pdf kind=1
[doc_kind] file=sample.pdf kind=1
[doc_kind] file=sample.pdf kind=1
[doc_kind] file=guide.pdf kind=1
[doc_kind] file=한강별빛축제 (1).pdf kind=1
[doc_kind] file=ARK_INNOVATION_ETF_ARKK_HOLDINGS.pdf kind=3
[doc_kind] file=02_박쥐와_족제비.pdf kind=1
[doc_kind] file=한강별빛축제 (6).pdf kind=1
[doc_kind] file=늑대와_어린양.pdf kind=1
[doc_kind] file=늑대와_어린양.pdf kind=1
[doc_kind] file=ARKK_HOLDINGS.pdf kind=3
[doc_kind] file=늑대와_어린양.pdf kind=1
[doc_kind] file=ARKK_HOLDINGS.pdf kind=3
[doc_kind] file=sample.pdf kind=1
[doc_kind] file=guide.pdf kind=1
[doc_kind] file=한강별빛축제 (6).pdf kind=1
[doc_kind] file=늑대와_어린양.pdf kind=1
[doc_kind] file=ARKK_HOLDINGS.pdf kind=3
[doc_kind] file=한강별빛축제 (6).pdf kind=1
[doc_kind] file=한강별빛축제 (6).pdf kind=1
[doc_kind] file=한강별빛축제 (6).pdf kind=1
[doc_kind] file=한강별빛축제 (6).pdf kind=1
[doc_kind] file=한강별빛축제.pdf kind=1
[doc_kind] file=한강별빛축제 (6).pdf kind=1
[doc_kind] file=한강별빛축제 (6).pdf kind=1
[doc_kind] file=한강별빛축제 (6).pdf kind=1
[doc_kind] file=guide.pdf kind=1
[doc_kind] file=sample.pdf kind=1
[doc_kind] file=guide.pdf kind=1
[doc_kind] file=sample.pdf kind=1
[doc_kind] file=sample.pdf kind=1
[doc_kind] file=sample.pdf kind=1
[doc_kind] file=guide.pdf kind=1
[doc_kind] file=sample.pdf kind=1
[doc_kind] file=sample.pdf kind=1
[doc_kind] file=guide.pdf kind=1
[doc_kind] file=sample.pdf kind=1
[doc_kind] file=sample.pdf kind=1
[doc_kind] file=guide.pdf kind=1
[doc_kind] file=sample.pdf kind=1
[doc_kind] file=sample.pdf kind=1
[doc_kind] file=guide.pdf kind=1
[doc_kind] file=sample.pdf kind=1
[doc_kind] file=sample.pdf kind=1
[doc_kind] file=guide.pdf kind=1
[doc_kind] file=헤라클레스와 마부.pdf kind=1
[doc_kind] file=헤라클레스와 마부.pdf kind=1
[doc_kind] file=헤라클레스와 마부.pdf kind=1
[doc_kind] file=헤라클레스와 마부.pdf kind=1
[doc_kind] file=헤라클레스와 마부.pdf kind=1
[doc_kind] file=sample.pdf kind=1
[doc_kind] file=sample.pdf kind=1
[doc_kind] file=guide.pdf kind=1
[doc_kind] file=sample.pdf kind=1
[doc_kind] file=sample.pdf kind=1
[doc_kind] file=guide.pdf kind=1
[doc_kind] file=sample.pdf kind=1
[doc_kind] file=sample.pdf kind=1
[doc_kind] file=guide.pdf kind=1
[doc_kind] file=헤라클레스와 마부.pdf kind=1
[doc_kind] file=헤라클레스와 마부.pdf kind=1
[doc_kind] file=헤라클레스와 마부.pdf kind=1
[doc_kind] file=헤라클레스와 마부.pdf kind=1
[doc_kind] file=헤라클레스와 마부.pdf kind=1
[doc_kind] file=헤라클레스와 마부.pdf kind=1
[doc_kind] file=헤라클레스와 마부.pdf kind=1
[doc_kind] file=헤라클레스와 마부.pdf kind=1
[doc_kind] file=헤라클레스와 마부.pdf kind=1
[doc_kind] file=헤라클레스와 마부.pdf kind=1
[doc_kind] file=헤라클레스와 마부.pdf kind=1
[doc_kind] file=헤라클레스와 마부.pdf kind=1
[doc_kind] file=늑대와_어린양.pdf kind=1
[doc_kind] file=늑대와_어린양.pdf kind=1
[doc_kind] file=늑대와_어린양.pdf kind=1
[doc_kind] file=sample.pdf kind=1
[doc_kind] file=guide.pdf kind=1
[doc_kind] file=sample.pdf kind=1
[doc_kind] file=guide.pdf kind=1
[doc_kind] file=늑대와_어린양.pdf kind=1
[doc_kind] file=sample.pdf kind=1
[doc_kind] file=sample.pdf kind=1
[doc_kind] file=sample.pdf kind=1
[doc_kind] file=헤라클레스와 마부.pdf kind=1
[doc_kind] file=늑대와_어린양.pdf kind=1
[doc_kind] file=늑대와_어린양.pdf kind=1
[doc_kind] file=늑대와_어린양.pdf kind=1
[doc_kind] file=늑대와_어린양.pdf kind=1
[doc_kind] file=늑대와_어린양.pdf kind=1
[doc_kind] file=ARKK_HOLDINGS.pdf kind=3
[doc_kind] file=헤라클레스와 마부.pdf kind=1
[doc_kind] file=ARKK_HOLDINGS.pdf kind=3
[doc_kind] file=ARKK_HOLDINGS.pdf kind=3
[doc_kind] file=ARKK_HOLDINGS.pdf kind=3
[doc_kind] file=헤라클레스와 마부.pdf kind=1
[doc_kind] file=ARKK_HOLDINGS.pdf kind=3
[doc_kind] file=ARKK_HOLDINGS.pdf kind=3
[doc_kind] file=늑대와_어린양.pdf kind=1
[doc_kind] file=늑대와_어린양.pdf kind=1
[doc_kind] file=헤라클레스와 마부.pdf kind=1
[doc_kind] file=헤라클레스와 마부.pdf kind=1
[doc_kind] file=헤라클레스와 마부.pdf kind=1
[doc_kind] file=헤라클레스와 마부.pdf kind=1
[doc_kind] file=늑대와_어린양.pdf kind=1
[doc_kind] file=sample.pdf kind=1
[doc_kind] file=guide.pdf kind=1
[doc_kind] file=sample.pdf kind=1
[doc_kind] file=sample.pdf kind=1
[doc_kind] file=sample.pdf kind=1
[doc_kind] file=sample.pdf kind=1
[doc_kind] file=guide.pdf kind=1
[doc_kind] file=sample.pdf kind=1
[doc_kind] file=sample.pdf kind=1
[doc_kind] file=sample.pdf kind=1
[doc_kind] file=sample.pdf kind=1
[doc_kind] file=guide.pdf kind=1
[doc_kind] file=sample.pdf kind=1
[doc_kind] file=sample.pdf kind=1
[doc_kind] file=sample.pdf kind=1
[doc_kind] file=sample.pdf kind=1
[doc_kind] file=sample.pdf kind=1
[doc_kind] file=guide.pdf kind=1
[doc_kind] file=sample.pdf kind=1
[doc_kind] file=sample.pdf kind=1
[doc_kind] file=sample.pdf kind=1
[doc_kind] file=sample.pdf kind=1
[doc_kind] file=sample.pdf kind=1
[doc_kind] file=guide.pdf kind=1
[doc_kind] file=헤라클레스와 마부.pdf kind=1
[doc_kind] file=헤라클레스와 마부.pdf kind=1
[doc_kind] file=헤라클레스와 마부.pdf kind=1
[doc_kind] file=헤라클레스와 마부.pdf kind=1
[doc_kind] file=sample.pdf kind=1
[doc_kind] file=sample.pdf kind=1
[doc_kind] file=sample.pdf kind=1
[doc_kind] file=sample.pdf kind=1
[doc_kind] file=guide.pdf kind=1
[doc_kind] file=ARKK_HOLDINGS.pdf kind=3
[doc_kind] file=ARKK_HOLDINGS.pdf kind=3
[doc_kind] file=ARKK_HOLDINGS.pdf kind=3
[doc_kind] file=ARKK_HOLDINGS.pdf kind=3
[doc_kind] file=ARKK_HOLDINGS.pdf kind=3
[doc_kind] file=ARKK_HOLDINGS.pdf kind=3
[doc_kind] file=ARKK_HOLDINGS.pdf kind=3
[doc_kind] file=ARKK_HOLDINGS.pdf kind=3
[doc_kind] file=ARKK_HOLDINGS.pdf kind=3
[doc_kind] file=ARKK_HOLDINGS.pdf kind=3
[doc_kind] file=한강별빛축제 (6).pdf kind=1
[doc_kind] file=한강별빛축제 (6).pdf kind=1
[doc_kind] file=한강별빛축제 (6).pdf kind=1
[doc_kind] file=한강별빛축제 (6).pdf kind=1
[doc_kind] file=한강별빛축제 (6).pdf kind=1
[doc_kind] file=한강별빛축제.pdf kind=1
[doc_kind] file=한강별빛축제.pdf kind=1
[doc_kind] file=한강별빛축제.pdf kind=1
[doc_kind] file=한강별빛축제.pdf kind=1
[doc_kind] file=한강별빛축제.pdf kind=1
[doc_kind] file=한강별빛축제.pdf kind=1
[doc_kind] file=한강별빛축제.pdf kind=1
[doc_kind] file=AESOP_늑대와 어린양.pdf kind=1
[doc_kind] file=AESOP_늑대와 어린양.pdf kind=1
[doc_kind] file=AESOP_늑대와 어린양.pdf kind=1
[doc_kind] file=AESOP_늑대와 어린양.pdf kind=1
[doc_kind] file=AESOP_늑대와 어린양.pdf kind=1
[doc_kind] file=AESOP_늑대와 어린양.pdf kind=1
[doc_kind] file=AESOP_´Á´ë¿Í ¾î¸°¾ç.pdf kind=1
[doc_kind] file=AESOP_´Á´ë¿Í ¾î¸°¾ç.pdf kind=1
[doc_kind] file=AESOP_늑대와 어린양.pdf kind=1
[doc_kind] file=AESOP_늑대와 어린양.pdf kind=1
[doc_kind] file=AESOP_늑대와 어린양.pdf kind=1
[doc_kind] file=AESOP_늑대와 어린양.pdf kind=1
[doc_kind] file=AESOP_늑대와 어린양.pdf kind=1
[doc_kind] file=AESOP_늑대와 어린양.pdf kind=1
[doc_kind] file=01_늑대와 어린양.pdf kind=1
[doc_kind] file=AESOP_늑대와 어린양.pdf kind=1
[doc_kind] file=AESOP_늑대와 어린양.pdf kind=1
[doc_kind] file=01_늑대와 어린양.pdf kind=1
[doc_kind] file=01_늑대와 어린양.pdf kind=1
[doc_kind] file=AESOP_늑대와 어린양.pdf kind=1
[doc_kind] file=AESOP_´Á´ë¿Í ¾î¸°¾ç.pdf kind=1
[doc_kind] file=AESOP_늑대와 어린양.pdf kind=1
[doc_kind] file=AESOP_´Á´ë¿Í ¾î¸°¾ç.pdf kind=1
[doc_kind] file=AESOP_늑대와 어린양.pdf kind=1
[doc_kind] file=AESOP_´Á´ë¿Í ¾î¸°¾ç.pdf kind=1
[doc_kind] file=AESOP_늑대와 어린양.pdf kind=1
[doc_kind] file=AESOP_늑대와 어린양.pdf kind=1
[doc_kind] file=AESOP_늑대와 어린양.pdf kind=1
[doc_kind] file=AESOP_늑대와 어린양.pdf kind=1
[doc_kind] file=AESOP_늑대와 어린양.pdf kind=1
[doc_kind] file=AESOP_늑대와 어린양.pdf kind=1
[doc_kind] file=AESOP.pdf kind=1
[doc_kind] file=AESOP_늑대와 어린양.pdf kind=1
[doc_kind] file=AESOP.pdf kind=1
[doc_kind] file=AESOP_늑대와 어린양.pdf kind=1
[doc_kind] file=AESOP_늑대와 어린양.pdf kind=1
[doc_kind] file=AESOP_늑대와 어린양.pdf kind=1
[doc_kind] file=AESOP_늑대와 어린양.pdf kind=1
[doc_kind] file=AESOP.pdf kind=1
[doc_kind] file=AESOP.pdf kind=1
[doc_kind] file=AESOP.pdf kind=1
[doc_kind] file=AESOP.pdf kind=1
[doc_kind] file=AESOP.pdf kind=1
[doc_kind] file=AESOP_늑대와 어린양.pdf kind=1
[doc_kind] file=AESOP.pdf kind=1
[doc_kind] file=AESOP.pdf kind=1
[doc_kind] file=AESOP.pdf kind=1
[doc_kind] file=AESOP.pdf kind=1
[doc_kind] file=sample.pdf kind=1
[doc_kind] file=sample.pdf kind=1
[doc_kind] file=sample.pdf kind=1
[doc_kind] file=sample.pdf kind=1
[doc_kind] file=guide.pdf kind=1
[doc_kind] file=sample.pdf kind=1
[doc_kind] file=sample.pdf kind=1
[doc_kind] file=sample.pdf kind=1
[doc_kind] file=sample.pdf kind=1
[doc_kind] file=guide.pdf kind=1
[doc_kind] file=AESOP_늑대와 어린양.pdf kind=1
[doc_kind] file=AESOP_늑대와 어린양.pdf kind=1
[doc_kind] file=AESOP_늑대와 어린양.pdf kind=1
[doc_kind] file=AESOP_늑대와 어린양.pdf kind=1
[doc_kind] file=AESOP_늑대와 어린양.pdf kind=1
[doc_kind] file=AESOP_늑대와 어린양.pdf kind=1
[doc_kind] file=AESOP_늑대와 어린양.pdf kind=1
[doc_kind] file=늑대와_어린양.pdf kind=1
[doc_kind] file=늑대와_어린양.pdf kind=1
[doc_kind] file=01_늑대와 어린양.pdf kind=1
[doc_kind] file=01_늑대와 어린양.pdf kind=1
[doc_kind] file=01_늑대와 어린양.pdf kind=1
[doc_kind] file=01_늑대와 어린양.pdf kind=1
[doc_kind] file=01_늑대와 어린양.pdf kind=1
[doc_kind] file=01_늑대와 어린양.pdf kind=1
[doc_kind] file=한강별빛축제 (6).pdf kind=1
[doc_kind] file=한강별빛축제 (6).pdf kind=1
[doc_kind] file=AESOP_늑대와 어린양.pdf kind=1
[doc_kind] file=TESTTYPE_1.pdf kind=1
[doc_kind] file=TESTTYPE_1.pdf kind=1
[doc_kind] file=TESTTYPE_1.pdf kind=1
[doc_kind] file=TESTTYPE_1.pdf kind=1
[doc_kind] file=TESTTYPE_1.pdf kind=1
[doc_kind] file=AESOP.pdf kind=1
[doc_kind] file=한강별빛축제 (6).pdf kind=1
[doc_kind] file=한강별빛축제 (6).pdf kind=1
[doc_kind] file=한강별빛축제 (6).pdf kind=1
[doc_kind] file=늑대와_어린양 (1).pdf kind=1
[doc_kind] file=늑대와_어린양 (1).pdf kind=1
[doc_kind] file=sample.pdf kind=1
[doc_kind] file=sample.pdf kind=1
[doc_kind] file=sample.pdf kind=1
[doc_kind] file=sample.pdf kind=1
[doc_kind] file=sample.pdf kind=1
[doc_kind] file=sample.pdf kind=1
[doc_kind] file=guide.pdf kind=1
